// Jest Snapshot v1, https://goo.gl/fbAQLP

exports[`StyledText renders correctly 1`] = `
<View
  accessible={true}
  focusable={true}
  onClick={[Function]}
  onResponderGrant={[Function]}
  onResponderMove={[Function]}
  onResponderRelease={[Function]}
  onResponderTerminate={[Function]}
  onResponderTerminationRequest={[Function]}
  onStartShouldSetResponder={[Function]}
  style={
    Object {
      "opacity": 1,
      "width": "100%",
    }
  }
>
  <View
    style={
      Array [
        Object {
          "alignItems": "center",
          "backgroundColor": "white",
          "borderRadius": 35,
          "paddingBottom": 10,
          "paddingLeft": 0,
          "paddingRight": 0,
          "paddingTop": 10,
        },
      ]
    }
  >
    <Text
      style={
        Object {
          "color": "black",
          "fontSize": 30,
          "fontWeight": "200",
          "textAlign": "center",
        }
      }
    >
      Start Button Snapshot
    </Text>
  </View>
</View>
`;
